Missing: 533 | Capturing next 200 pages: 532–830
→ Navigating to starting page 532 …
✓ 00532  [screenshot]  1436 KB  → vitalsource_pages/page_00532.png
  → Download complete. Waiting 4s before clicking Next...
  → Clicked Next. Waiting 2s before continuing...
✓ 00533  [fetch]  592 KB  → vitalsource_pages/page_00533.png
  → Download complete. Waiting 4s before clicking Next...
  → Clicked Next. Waiting 4s before continuing...
✓ 00534  [fetch]  1277 KB  → vitalsource_pages/page_00534.png
  → Download complete. Waiting 2s before clicking Next...
  → Clicked Next. Waiting 2s before continuing...
✓ 00535  [fetch]  465 KB  → vitalsource_pages/page_00535.png
  → Download complete. Waiting 3s before clicking Next...
  → Clicked Next. Waiting 2s before continuing...
✓ 00536  [fetch]  1497 KB  → vitalsource_pages/page_00536.png
  → Download complete. Waiting 2s before clicking Next...
  → Clicked Next. Waiting 2s before continuing...
✓ 00537  [fetch]  1588 KB  → vitalsource_pages/page_00537.png
  → Download complete. Waiting 3s before clicking Next...
  → Clicked Next. Waiting 2s before continuing...
✓ 00538  [fetch]  1609 KB  → vitalsource_pages/page_00538.png
  → Download complete. Waiting 2s before clicking Next...
  → Clicked Next. Waiting 2s before continuing...
✓ 00539  [fetch]  1623 KB  → vitalsource_pages/page_00539.png
  → Download complete. Waiting 2s before clicking Next...
  → Clicked Next. Waiting 4s before continuing...
✓ 00540  [fetch]  1503 KB  → vitalsource_pages/page_00540.png
  → Download complete. Waiting 4s before clicking Next...
  → Clicked Next. Waiting 3s before continuing...
✓ 00541  [fetch]  1460 KB  → vitalsource_pages/page_00541.png
  → Download complete. Waiting 3s before clicking Next...
  → Clicked Next. Waiting 4s before continuing...
✓ 00542  [fetch]  1436 KB  → vitalsource_pages/page_00542.png
  → Download complete. Waiting 4s before clicking Next...
  → Clicked Next. Waiting 4s before continuing...
✓ 00543  [fetch]  1425 KB  → vitalsource_pages/page_00543.png
  → Download complete. Waiting 4s before clicking Next...
  → Clicked Next. Waiting 4s before continuing...
✓ 00544  [fetch]  896 KB  → vitalsource_pages/page_00544.png
  → Download complete. Waiting 4s before clicking Next...
  → Clicked Next. Waiting 3s before continuing...
✓ 00545  [fetch]  311 KB  → vitalsource_pages/page_00545.png
  → Download complete. Waiting 4s before clicking Next...
  → Clicked Next. Waiting 4s before continuing...
✓ 00546  [fetch]  518 KB  → vitalsource_pages/page_00546.png
  → Download complete. Waiting 4s before clicking Next...
  → Clicked Next. Waiting 4s before continuing...
✓ 00547  [fetch]  1138 KB  → vitalsource_pages/page_00547.png
  → Download complete. Waiting 3s before clicking Next...
  → Clicked Next. Waiting 2s before continuing...
✓ 00548  [fetch]  1027 KB  → vitalsource_pages/page_00548.png
  → Download complete. Waiting 4s before clicking Next...
  → Clicked Next. Waiting 4s before continuing...
✓ 00549  [fetch]  1583 KB  → vitalsource_pages/page_00549.png
  → Download complete. Waiting 4s before clicking Next...
  → Clicked Next. Waiting 2s before continuing...
✓ 00550  [fetch]  1206 KB  → vitalsource_pages/page_00550.png
  → Download complete. Waiting 2s before clicking Next...
  → Clicked Next. Waiting 4s before continuing...
✓ 00551  [fetch]  1500 KB  → vitalsource_pages/page_00551.png
  → Download complete. Waiting 3s before clicking Next...
  → Clicked Next. Waiting 2s before continuing...
✓ 00552  [fetch]  629 KB  → vitalsource_pages/page_00552.png
  → Download complete. Waiting 4s before clicking Next...
  → Clicked Next. Waiting 3s before continuing...
✓ 00553  [fetch]  857 KB  → vitalsource_pages/page_00553.png
  → Download complete. Waiting 4s before clicking Next...
  → Clicked Next. Waiting 4s before continuing...
✓ 00554  [fetch]  1298 KB  → vitalsource_pages/page_00554.png
  → Download complete. Waiting 4s before clicking Next...
  → Clicked Next. Waiting 3s before continuing...
✓ 00555  [fetch]  1252 KB  → vitalsource_pages/page_00555.png
  → Download complete. Waiting 2s before clicking Next...
  → Clicked Next. Waiting 3s before continuing...
✓ 00556  [fetch]  1629 KB  → vitalsource_pages/page_00556.png
  → Download complete. Waiting 4s before clicking Next...
  → Clicked Next. Waiting 3s before continuing...
✓ 00557  [fetch]  1599 KB  → vitalsource_pages/page_00557.png
  → Download complete. Waiting 2s before clicking Next...
  → Clicked Next. Waiting 3s before continuing...
✓ 00558  [fetch]  1541 KB  → vitalsource_pages/page_00558.png
  → Download complete. Waiting 3s before clicking Next...
  → Clicked Next. Waiting 2s before continuing...
✓ 00559  [fetch]  1407 KB  → vitalsource_pages/page_00559.png
  → Download complete. Waiting 2s before clicking Next...
  → Clicked Next. Waiting 4s before continuing...
✓ 00560  [fetch]  454 KB  → vitalsource_pages/page_00560.png
  → Download complete. Waiting 4s before clicking Next...
  → Clicked Next. Waiting 2s before continuing...
✓ 00561  [fetch]  244 KB  → vitalsource_pages/page_00561.png
  → Download complete. Waiting 4s before clicking Next...
  → Clicked Next. Waiting 2s before continuing...
✓ 00562  [fetch]  330 KB  → vitalsource_pages/page_00562.png
  → Download complete. Waiting 3s before clicking Next...
  → Clicked Next. Waiting 2s before continuing...
✓ 00563  [fetch]  545 KB  → vitalsource_pages/page_00563.png
  → Download complete. Waiting 3s before clicking Next...
  → Clicked Next. Waiting 2s before continuing...
✓ 00564  [fetch]  608 KB  → vitalsource_pages/page_00564.png
  → Download complete. Waiting 2s before clicking Next...
  → Clicked Next. Waiting 4s before continuing...
✓ 00565  [fetch]  461 KB  → vitalsource_pages/page_00565.png
  → Download complete. Waiting 4s before clicking Next...
  → Clicked Next. Waiting 3s before continuing...
✓ 00566  [fetch]  1331 KB  → vitalsource_pages/page_00566.png
  → Download complete. Waiting 2s before clicking Next...
  → Clicked Next. Waiting 3s before continuing...
✓ 00567  [fetch]  546 KB  → vitalsource_pages/page_00567.png
  → Download complete. Waiting 2s before clicking Next...
  → Clicked Next. Waiting 3s before continuing...
✓ 00568  [fetch]  1328 KB  → vitalsource_pages/page_00568.png
  → Download complete. Waiting 2s before clicking Next...
  → Clicked Next. Waiting 3s before continuing...
✓ 00569  [fetch]  1269 KB  → vitalsource_pages/page_00569.png
  → Download complete. Waiting 2s before clicking Next...
  → Clicked Next. Waiting 3s before continuing...
✓ 00570  [fetch]  1291 KB  → vitalsource_pages/page_00570.png
  → Download complete. Waiting 2s before clicking Next...
  → Clicked Next. Waiting 4s before continuing...
✓ 00571  [fetch]  1764 KB  → vitalsource_pages/page_00571.png
  → Download complete. Waiting 3s before clicking Next...
  → Clicked Next. Waiting 3s before continuing...
✓ 00572  [fetch]  1409 KB  → vitalsource_pages/page_00572.png
  → Download complete. Waiting 3s before clicking Next...
  → Clicked Next. Waiting 3s before continuing...
✓ 00573  [fetch]  1506 KB  → vitalsource_pages/page_00573.png
  → Download complete. Waiting 3s before clicking Next...
  → Clicked Next. Waiting 4s before continuing...
✓ 00574  [fetch]  1371 KB  → vitalsource_pages/page_00574.png
  → Download complete. Waiting 3s before clicking Next...
  → Clicked Next. Waiting 2s before continuing...
✓ 00575  [fetch]  747 KB  → vitalsource_pages/page_00575.png
  → Download complete. Waiting 4s before clicking Next...
  → Clicked Next. Waiting 2s before continuing...
✓ 00576  [fetch]  1320 KB  → vitalsource_pages/page_00576.png
  → Download complete. Waiting 3s before clicking Next...
  → Clicked Next. Waiting 2s before continuing...
✓ 00577  [fetch]  1726 KB  → vitalsource_pages/page_00577.png
  → Download complete. Waiting 4s before clicking Next...
  → Clicked Next. Waiting 3s before continuing...
✓ 00578  [fetch]  1561 KB  → vitalsource_pages/page_00578.png
  → Download complete. Waiting 2s before clicking Next...
  → Clicked Next. Waiting 4s before continuing...
✓ 00579  [fetch]  1568 KB  → vitalsource_pages/page_00579.png
  → Download complete. Waiting 4s before clicking Next...
  → Clicked Next. Waiting 2s before continuing...
✓ 00580  [fetch]  577 KB  → vitalsource_pages/page_00580.png
  → Download complete. Waiting 3s before clicking Next...
  → Clicked Next. Waiting 4s before continuing...
✓ 00581  [fetch]  1734 KB  → vitalsource_pages/page_00581.png
  → Download complete. Waiting 3s before clicking Next...
  → Clicked Next. Waiting 4s before continuing...
✓ 00582  [fetch]  1619 KB  → vitalsource_pages/page_00582.png
  → Download complete. Waiting 3s before clicking Next...
  → Clicked Next. Waiting 3s before continuing...
✓ 00583  [fetch]  467 KB  → vitalsource_pages/page_00583.png
  → Download complete. Waiting 4s before clicking Next...
  → Clicked Next. Waiting 3s before continuing...
✓ 00584  [fetch]  1148 KB  → vitalsource_pages/page_00584.png
  → Download complete. Waiting 4s before clicking Next...
  → Clicked Next. Waiting 3s before continuing...
✓ 00585  [fetch]  1452 KB  → vitalsource_pages/page_00585.png
  → Download complete. Waiting 3s before clicking Next...
  → Clicked Next. Waiting 3s before continuing...
✓ 00586  [fetch]  1679 KB  → vitalsource_pages/page_00586.png
  → Download complete. Waiting 2s before clicking Next...
  → Clicked Next. Waiting 4s before continuing...
✓ 00587  [fetch]  448 KB  → vitalsource_pages/page_00587.png
  → Download complete. Waiting 4s before clicking Next...
  → Clicked Next. Waiting 3s before continuing...
✓ 00588  [fetch]  494 KB  → vitalsource_pages/page_00588.png
  → Download complete. Waiting 3s before clicking Next...
  → Clicked Next. Waiting 4s before continuing...
✓ 00589  [fetch]  1632 KB  → vitalsource_pages/page_00589.png
  → Download complete. Waiting 4s before clicking Next...
  → Clicked Next. Waiting 3s before continuing...
✓ 00590  [fetch]  1504 KB  → vitalsource_pages/page_00590.png
  → Download complete. Waiting 2s before clicking Next...
  → Clicked Next. Waiting 4s before continuing...
✓ 00591  [fetch]  1598 KB  → vitalsource_pages/page_00591.png
  → Download complete. Waiting 2s before clicking Next...
  → Clicked Next. Waiting 2s before continuing...
✓ 00592  [fetch]  519 KB  → vitalsource_pages/page_00592.png
  → Download complete. Waiting 2s before clicking Next...
  → Clicked Next. Waiting 4s before continuing...
✓ 00593  [fetch]  1449 KB  → vitalsource_pages/page_00593.png
  → Download complete. Waiting 2s before clicking Next...
  → Clicked Next. Waiting 3s before continuing...
✓ 00594  [fetch]  442 KB  → vitalsource_pages/page_00594.png
  → Download complete. Waiting 3s before clicking Next...
  → Clicked Next. Waiting 2s before continuing...
✓ 00595  [fetch]  563 KB  → vitalsource_pages/page_00595.png
  → Download complete. Waiting 4s before clicking Next...
  → Clicked Next. Waiting 3s before continuing...
✓ 00596  [fetch]  1554 KB  → vitalsource_pages/page_00596.png
  → Download complete. Waiting 2s before clicking Next...
  → Clicked Next. Waiting 3s before continuing...
✓ 00597  [fetch]  1504 KB  → vitalsource_pages/page_00597.png
  → Download complete. Waiting 3s before clicking Next...
  → Clicked Next. Waiting 4s before continuing...
✓ 00598  [fetch]  1312 KB  → vitalsource_pages/page_00598.png
  → Download complete. Waiting 2s before clicking Next...
  → Clicked Next. Waiting 3s before continuing...
✓ 00599  [fetch]  1127 KB  → vitalsource_pages/page_00599.png
  → Download complete. Waiting 2s before clicking Next...
  → Clicked Next. Waiting 3s before continuing...
✓ 00600  [fetch]  1414 KB  → vitalsource_pages/page_00600.png
  → Download complete. Waiting 4s before clicking Next...
  → Clicked Next. Waiting 2s before continuing...
✓ 00601  [fetch]  1644 KB  → vitalsource_pages/page_00601.png
  → Download complete. Waiting 3s before clicking Next...
  → Clicked Next. Waiting 4s before continuing...
✓ 00602  [fetch]  1660 KB  → vitalsource_pages/page_00602.png
  → Download complete. Waiting 3s before clicking Next...
  → Clicked Next. Waiting 3s before continuing...
✓ 00603  [fetch]  1549 KB  → vitalsource_pages/page_00603.png
  → Download complete. Waiting 2s before clicking Next...
  → Clicked Next. Waiting 4s before continuing...
✓ 00604  [fetch]  1579 KB  → vitalsource_pages/page_00604.png
  → Download complete. Waiting 4s before clicking Next...
  → Clicked Next. Waiting 4s before continuing...
✓ 00605  [fetch]  1896 KB  → vitalsource_pages/page_00605.png
  → Download complete. Waiting 2s before clicking Next...
  → Clicked Next. Waiting 3s before continuing...
✓ 00606  [fetch]  1159 KB  → vitalsource_pages/page_00606.png
  → Download complete. Waiting 3s before clicking Next...
  → Clicked Next. Waiting 4s before continuing...
✓ 00607  [fetch]  1054 KB  → vitalsource_pages/page_00607.png
  → Download complete. Waiting 2s before clicking Next...
  → Clicked Next. Waiting 3s before continuing...
✓ 00608  [fetch]  565 KB  → vitalsource_pages/page_00608.png
  → Download complete. Waiting 4s before clicking Next...
  → Clicked Next. Waiting 2s before continuing...
✓ 00609  [fetch]  799 KB  → vitalsource_pages/page_00609.png
  → Download complete. Waiting 2s before clicking Next...
  → Clicked Next. Waiting 4s before continuing...
✓ 00610  [fetch]  298 KB  → vitalsource_pages/page_00610.png
  → Download complete. Waiting 2s before clicking Next...
  → Clicked Next. Waiting 3s before continuing...
✓ 00611  [fetch]  787 KB  → vitalsource_pages/page_00611.png
  → Download complete. Waiting 4s before clicking Next...
  → Clicked Next. Waiting 4s before continuing...
✓ 00612  [fetch]  677 KB  → vitalsource_pages/page_00612.png
  → Download complete. Waiting 3s before clicking Next...
  → Clicked Next. Waiting 4s before continuing...
✓ 00613  [fetch]  1496 KB  → vitalsource_pages/page_00613.png
  → Download complete. Waiting 3s before clicking Next...
  → Clicked Next. Waiting 4s before continuing...
✓ 00614  [fetch]  1335 KB  → vitalsource_pages/page_00614.png
  → Download complete. Waiting 3s before clicking Next...
  → Clicked Next. Waiting 4s before continuing...
✓ 00615  [fetch]  1489 KB  → vitalsource_pages/page_00615.png
  → Download complete. Waiting 3s before clicking Next...
  → Clicked Next. Waiting 4s before continuing...
✓ 00616  [fetch]  1567 KB  → vitalsource_pages/page_00616.png
  → Download complete. Waiting 2s before clicking Next...
  → Clicked Next. Waiting 4s before continuing...
✓ 00617  [fetch]  453 KB  → vitalsource_pages/page_00617.png
  → Download complete. Waiting 2s before clicking Next...
  → Clicked Next. Waiting 2s before continuing...
✓ 00618  [fetch]  1252 KB  → vitalsource_pages/page_00618.png
  → Download complete. Waiting 3s before clicking Next...
  → Clicked Next. Waiting 2s before continuing...
✓ 00619  [fetch]  1398 KB  → vitalsource_pages/page_00619.png
  → Download complete. Waiting 4s before clicking Next...
  → Clicked Next. Waiting 2s before continuing...
✓ 00620  [fetch]  1496 KB  → vitalsource_pages/page_00620.png
  → Download complete. Waiting 2s before clicking Next...
  → Clicked Next. Waiting 4s before continuing...
✓ 00621  [fetch]  1640 KB  → vitalsource_pages/page_00621.png
  → Download complete. Waiting 2s before clicking Next...
  → Clicked Next. Waiting 4s before continuing...
✓ 00622  [fetch]  1478 KB  → vitalsource_pages/page_00622.png
  → Download complete. Waiting 2s before clicking Next...
  → Clicked Next. Waiting 4s before continuing...
✓ 00623  [fetch]  1449 KB  → vitalsource_pages/page_00623.png
  → Download complete. Waiting 4s before clicking Next...
  → Clicked Next. Waiting 4s before continuing...
✓ 00624  [fetch]  1480 KB  → vitalsource_pages/page_00624.png
  → Download complete. Waiting 3s before clicking Next...
  → Clicked Next. Waiting 4s before continuing...
✓ 00625  [fetch]  1350 KB  → vitalsource_pages/page_00625.png
  → Download complete. Waiting 2s before clicking Next...
  → Clicked Next. Waiting 3s before continuing...
✓ 00626  [fetch]  1480 KB  → vitalsource_pages/page_00626.png
  → Download complete. Waiting 4s before clicking Next...
  → Clicked Next. Waiting 2s before continuing...
✓ 00627  [fetch]  485 KB  → vitalsource_pages/page_00627.png
  → Download complete. Waiting 2s before clicking Next...
  → Clicked Next. Waiting 3s before continuing...
✓ 00628  [fetch]  1272 KB  → vitalsource_pages/page_00628.png
  → Download complete. Waiting 3s before clicking Next...
  → Clicked Next. Waiting 2s before continuing...
✓ 00629  [fetch]  1451 KB  → vitalsource_pages/page_00629.png
  → Download complete. Waiting 4s before clicking Next...
  → Clicked Next. Waiting 2s before continuing...
✓ 00630  [fetch]  428 KB  → vitalsource_pages/page_00630.png
  → Download complete. Waiting 4s before clicking Next...
  → Clicked Next. Waiting 2s before continuing...
✓ 00631  [fetch]  1601 KB  → vitalsource_pages/page_00631.png
  → Download complete. Waiting 3s before clicking Next...
  → Clicked Next. Waiting 2s before continuing...
✓ 00632  [fetch]  458 KB  → vitalsource_pages/page_00632.png
  → Download complete. Waiting 4s before clicking Next...
  → Clicked Next. Waiting 4s before continuing...
✓ 00633  [fetch]  1619 KB  → vitalsource_pages/page_00633.png
  → Download complete. Waiting 4s before clicking Next...
  → Clicked Next. Waiting 3s before continuing...
✓ 00634  [fetch]  1294 KB  → vitalsource_pages/page_00634.png
  → Download complete. Waiting 3s before clicking Next...
  → Clicked Next. Waiting 4s before continuing...
✓ 00635  [fetch]  1546 KB  → vitalsource_pages/page_00635.png
  → Download complete. Waiting 3s before clicking Next...
  → Clicked Next. Waiting 2s before continuing...
✓ 00636  [fetch]  1258 KB  → vitalsource_pages/page_00636.png
  → Download complete. Waiting 4s before clicking Next...
  → Clicked Next. Waiting 2s before continuing...
✓ 00637  [fetch]  1681 KB  → vitalsource_pages/page_00637.png
  → Download complete. Waiting 4s before clicking Next...
  → Clicked Next. Waiting 3s before continuing...
✓ 00638  [fetch]  1684 KB  → vitalsource_pages/page_00638.png
  → Download complete. Waiting 2s before clicking Next...
  → Clicked Next. Waiting 3s before continuing...
✓ 00639  [fetch]  1523 KB  → vitalsource_pages/page_00639.png
  → Download complete. Waiting 2s before clicking Next...
  → Clicked Next. Waiting 2s before continuing...
✓ 00640  [fetch]  457 KB  → vitalsource_pages/page_00640.png
  → Download complete. Waiting 4s before clicking Next...
  → Clicked Next. Waiting 3s before continuing...
✓ 00641  [fetch]  1481 KB  → vitalsource_pages/page_00641.png
  → Download complete. Waiting 4s before clicking Next...
  → Clicked Next. Waiting 2s before continuing...
✓ 00642  [fetch]  1653 KB  → vitalsource_pages/page_00642.png
  → Download complete. Waiting 3s before clicking Next...
  → Clicked Next. Waiting 2s before continuing...
✓ 00643  [fetch]  1470 KB  → vitalsource_pages/page_00643.png
  → Download complete. Waiting 3s before clicking Next...
  → Clicked Next. Waiting 2s before continuing...
✓ 00644  [fetch]  1385 KB  → vitalsource_pages/page_00644.png
  → Download complete. Waiting 2s before clicking Next...
  → Clicked Next. Waiting 3s before continuing...
✓ 00645  [fetch]  519 KB  → vitalsource_pages/page_00645.png
  → Download complete. Waiting 4s before clicking Next...
  → Clicked Next. Waiting 3s before continuing...
✓ 00646  [fetch]  453 KB  → vitalsource_pages/page_00646.png
  → Download complete. Waiting 3s before clicking Next...
  → Clicked Next. Waiting 2s before continuing...
✓ 00647  [fetch]  1485 KB  → vitalsource_pages/page_00647.png
  → Download complete. Waiting 4s before clicking Next...
  → Clicked Next. Waiting 3s before continuing...
✓ 00648  [fetch]  458 KB  → vitalsource_pages/page_00648.png
  → Download complete. Waiting 3s before clicking Next...
  → Clicked Next. Waiting 3s before continuing...
✓ 00649  [fetch]  1542 KB  → vitalsource_pages/page_00649.png
  → Download complete. Waiting 4s before clicking Next...
  → Clicked Next. Waiting 4s before continuing...
✓ 00650  [fetch]  1595 KB  → vitalsource_pages/page_00650.png
  → Download complete. Waiting 3s before clicking Next...
  → Clicked Next. Waiting 3s before continuing...
✓ 00651  [fetch]  177 KB  → vitalsource_pages/page_00651.png
  → Download complete. Waiting 3s before clicking Next...
  → Clicked Next. Waiting 2s before continuing...
✓ 00652  [fetch]  678 KB  → vitalsource_pages/page_00652.png
  → Download complete. Waiting 2s before clicking Next...
  → Clicked Next. Waiting 4s before continuing...
✓ 00653  [fetch]  1633 KB  → vitalsource_pages/page_00653.png
  → Download complete. Waiting 4s before clicking Next...
  → Clicked Next. Waiting 4s before continuing...
✓ 00654  [fetch]  1570 KB  → vitalsource_pages/page_00654.png
  → Download complete. Waiting 3s before clicking Next...
  → Clicked Next. Waiting 4s before continuing...
✓ 00655  [fetch]  1559 KB  → vitalsource_pages/page_00655.png
  → Download complete. Waiting 4s before clicking Next...
  → Clicked Next. Waiting 4s before continuing...
✓ 00656  [fetch]  1607 KB  → vitalsource_pages/page_00656.png
  → Download complete. Waiting 2s before clicking Next...
  → Clicked Next. Waiting 4s before continuing...
✓ 00657  [fetch]  671 KB  → vitalsource_pages/page_00657.png
  → Download complete. Waiting 3s before clicking Next...
  → Clicked Next. Waiting 4s before continuing...
✓ 00658  [fetch]  318 KB  → vitalsource_pages/page_00658.png
  → Download complete. Waiting 2s before clicking Next...
  → Clicked Next. Waiting 4s before continuing...
✓ 00659  [fetch]  788 KB  → vitalsource_pages/page_00659.png
  → Download complete. Waiting 3s before clicking Next...
  → Clicked Next. Waiting 3s before continuing...
✓ 00660  [fetch]  325 KB  → vitalsource_pages/page_00660.png
  → Download complete. Waiting 2s before clicking Next...
  → Clicked Next. Waiting 4s before continuing...
✓ 00661  [fetch]  919 KB  → vitalsource_pages/page_00661.png
  → Download complete. Waiting 4s before clicking Next...
  → Clicked Next. Waiting 4s before continuing...
✓ 00662  [fetch]  396 KB  → vitalsource_pages/page_00662.png
  → Download complete. Waiting 4s before clicking Next...
  → Clicked Next. Waiting 2s before continuing...
✓ 00663  [fetch]  1597 KB  → vitalsource_pages/page_00663.png
  → Download complete. Waiting 2s before clicking Next...
  → Clicked Next. Waiting 4s before continuing...
✓ 00664  [fetch]  1632 KB  → vitalsource_pages/page_00664.png
  → Download complete. Waiting 2s before clicking Next...
  → Clicked Next. Waiting 2s before continuing...
✓ 00665  [fetch]  1430 KB  → vitalsource_pages/page_00665.png
  → Download complete. Waiting 4s before clicking Next...
  → Clicked Next. Waiting 4s before continuing...
✓ 00666  [fetch]  1527 KB  → vitalsource_pages/page_00666.png
  → Download complete. Waiting 4s before clicking Next...
  → Clicked Next. Waiting 2s before continuing...
✓ 00667  [fetch]  1614 KB  → vitalsource_pages/page_00667.png
  → Download complete. Waiting 3s before clicking Next...
  → Clicked Next. Waiting 2s before continuing...
✓ 00668  [fetch]  1458 KB  → vitalsource_pages/page_00668.png
  → Download complete. Waiting 3s before clicking Next...
  → Clicked Next. Waiting 4s before continuing...
✓ 00669  [fetch]  1552 KB  → vitalsource_pages/page_00669.png
  → Download complete. Waiting 3s before clicking Next...
  → Clicked Next. Waiting 3s before continuing...
✓ 00670  [fetch]  1472 KB  → vitalsource_pages/page_00670.png